[main c45a207] Auto-update: Active Monetized SEO Nodes
 7 files changed, 492 insertions(+), 2 deletions(-)
 create mode 100644 execution.log
 create mode 100644 production_sites/eddie-vedder.html
 create mode 100644 production_sites/macaulay-culkin.html
 create mode 100644 production_sites/paris-hilton.html
 create mode 100644 production_sites/rickea-jackson.html
 create mode 100644 production_sites/trump-irs-lawsuit-settlement-talks.html
To github.com:oketom82-art/sovereign-seo-nodes.git
   a7baac3..c45a207  main -> main

--- Autopilot Run Started: 2026-05-18 00:00:01 ---
[Predictive Engine] Ingesting search trend indicators...
[Autopilot Git] Push success! Live pages updated on Netlify.
--- Autopilot Run Complete. Total Assets Listed: 15 | Est. Monthly Value: $675.00 ---
[main 59f4d51] Auto-update: Active Monetized SEO Nodes
 7 files changed, 507 insertions(+), 2 deletions(-)
 create mode 100644 production_sites/canadiens-vs-sabres.html
 create mode 100644 production_sites/doug-allen-sabres.html
 create mode 100644 production_sites/dutton-ranch-episode-3.html
 create mode 100644 production_sites/her-private-hell.html
 create mode 100644 production_sites/what-channel-is-the-nba-game-on-tonight.html
To github.com:oketom82-art/sovereign-seo-nodes.git
   c45a207..59f4d51  main -> main

--- Autopilot Run Started: 2026-05-19 00:00:02 ---
[Predictive Engine] Ingesting search trend indicators...
[Autopilot Git] Push success! Live pages updated on Netlify.
--- Autopilot Run Complete. Total Assets Listed: 20 | Est. Monthly Value: $900.00 ---
[main 6e36737] Auto-update: Active Monetized SEO Nodes
 7 files changed, 506 insertions(+), 2 deletions(-)
 create mode 100644 production_sites/astros---twins.html
 create mode 100644 production_sites/boca-juniors---cruzeiro.html
 create mode 100644 production_sites/boca-vs-cruzeiro.html
 create mode 100644 production_sites/santa-fe---platense.html
 create mode 100644 "production_sites/s\303\243o-paulo-vs-millonarios.html"
To github.com:oketom82-art/sovereign-seo-nodes.git
   59f4d51..6e36737  main -> main

--- Autopilot Run Started: 2026-05-20 00:00:01 ---
[Predictive Engine] Ingesting search trend indicators...
[Autopilot Git] Push success! Live pages updated on Netlify.
--- Autopilot Run Complete. Total Assets Listed: 25 | Est. Monthly Value: $1,125.00 ---
[main c06829b] Auto-update: Active Monetized SEO Nodes
 7 files changed, 506 insertions(+), 2 deletions(-)
 create mode 100644 production_sites/crash-netflix.html
 create mode 100644 production_sites/golden-knights-vs-avalanche.html
 create mode 100644 "production_sites/ldu-quito---lan\303\272s.html"
 create mode 100644 production_sites/river-plate---bragantino.html
 create mode 100644 production_sites/uss-nimitz-caribbean-deployment.html
To github.com:oketom82-art/sovereign-seo-nodes.git
   6e36737..c06829b  main -> main

--- Autopilot Run Started: 2026-05-21 00:00:01 ---
[Predictive Engine] Ingesting search trend indicators...
[Autopilot Git] Push success! Live pages updated on Netlify.
--- Autopilot Run Complete. Total Assets Listed: 30 | Est. Monthly Value: $1,350.00 ---
[main adbef19] Auto-update: Active Monetized SEO Nodes
 7 files changed, 506 insertions(+), 2 deletions(-)
 create mode 100644 production_sites/braydon-fisher.html
 create mode 100644 production_sites/canadiens-vs-hurricanes.html
 create mode 100644 production_sites/knicks-schedule.html
 create mode 100644 production_sites/ku-baseball.html
 create mode 100644 production_sites/wvu-baseball.html
To github.com:oketom82-art/sovereign-seo-nodes.git
   c06829b..adbef19  main -> main

--- Autopilot Run Started: 2026-05-22 00:00:02 ---
[Predictive Engine] Ingesting search trend indicators...
[Autopilot Git] Push success! Live pages updated on Netlify.
--- Autopilot Run Complete. Total Assets Listed: 35 | Est. Monthly Value: $1,575.00 ---
[main 5439f89] Auto-update: Active Monetized SEO Nodes
 6 files changed, 408 insertions(+), 2 deletions(-)
 create mode 100644 production_sites/chaka-khan.html
 create mode 100644 production_sites/fire-country.html
 create mode 100644 production_sites/michael-kelly.html
 create mode 100644 production_sites/mission-impossible.html
To github.com:oketom82-art/sovereign-seo-nodes.git
   adbef19..5439f89  main -> main

--- Autopilot Run Started: 2026-05-23 00:00:01 ---
[Predictive Engine] Ingesting search trend indicators...
[Autopilot Git] Push success! Live pages updated on Netlify.
--- Autopilot Run Complete. Total Assets Listed: 39 | Est. Monthly Value: $1,755.00 ---
[main 8c03cfa] Auto-update: Active Monetized SEO Nodes
 7 files changed, 505 insertions(+), 2 deletions(-)
 create mode 100644 production_sites/eric-edelstein.html
 create mode 100644 production_sites/jack-ryan-movies.html
 create mode 100644 production_sites/james-marsden.html
 create mode 100644 production_sites/new-york-city-vs-nashville.html
 create mode 100644 production_sites/roki-sasaki.html
To github.com:oketom82-art/sovereign-seo-nodes.git
   5439f89..8c03cfa  main -> main

--- Autopilot Run Started: 2026-05-24 00:00:01 ---
[Predictive Engine] Ingesting search trend indicators...
[Autopilot Git] Push success! Live pages updated on Netlify.
--- Autopilot Run Complete. Total Assets Listed: 44 | Est. Monthly Value: $1,980.00 ---
[main 9578328] Auto-update: Active Monetized SEO Nodes
 7 files changed, 506 insertions(+), 2 deletions(-)
 create mode 100644 production_sites/all-nba-teams-2026.html
 create mode 100644 production_sites/avalanche-vs-golden-knights.html
 create mode 100644 production_sites/hans-zimmer.html
 create mode 100644 production_sites/texas-rangers.html
 create mode 100644 production_sites/thunder-vs-spurs.html
To github.com:oketom82-art/sovereign-seo-nodes.git
   8c03cfa..9578328  main -> main

--- Autopilot Run Started: 2026-05-25 00:00:01 ---
[Predictive Engine] Ingesting search trend indicators...
[Autopilot Git] Push success! Live pages updated on Netlify.
--- Autopilot Run Complete. Total Assets Listed: 49 | Est. Monthly Value: $2,205.00 ---
[main a27f246] Auto-update: Active Monetized SEO Nodes
 7 files changed, 506 insertions(+), 2 deletions(-)
 create mode 100644 production_sites/fernando-tatis-jr.html
 create mode 100644 production_sites/giants-game-today.html
 create mode 100644 production_sites/hurricanes-vs-canadiens.html
 create mode 100644 production_sites/la-casa-de-los-famosos.html
 create mode 100644 production_sites/new-movies-to-stream.html
To github.com:oketom82-art/sovereign-seo-nodes.git
   9578328..a27f246  main -> main

--- Autopilot Run Started: 2026-05-26 00:00:01 ---
[Predictive Engine] Ingesting search trend indicators...
[Autopilot Git] Push success! Live pages updated on Netlify.
--- Autopilot Run Complete. Total Assets Listed: 54 | Est. Monthly Value: $2,430.00 ---
[main 2c9ba7f] Auto-update: Active Monetized SEO Nodes
 6 files changed, 408 insertions(+), 2 deletions(-)
 create mode 100644 production_sites/joe-mazzulla.html
 create mode 100644 production_sites/rom-reddy.html
 create mode 100644 production_sites/twins-vs-white-sox.html
 create mode 100644 production_sites/yankees---royals.html
To github.com:oketom82-art/sovereign-seo-nodes.git
   a27f246..2c9ba7f  main -> main

--- Autopilot Run Started: 2026-05-27 00:00:02 ---
[Predictive Engine] Ingesting search trend indicators...
[Autopilot Git] Push success! Live pages updated on Netlify.
--- Autopilot Run Complete. Total Assets Listed: 58 | Est. Monthly Value: $2,610.00 ---
[main 0cd393a] Auto-update: Active Monetized SEO Nodes
 5 files changed, 309 insertions(+), 2 deletions(-)
 create mode 100644 production_sites/eric-wagaman.html
 create mode 100644 production_sites/los-angeles-police-department.html
 create mode 100644 production_sites/perfect-match-season-4.html
To github.com:oketom82-art/sovereign-seo-nodes.git
   2c9ba7f..0cd393a  main -> main

--- Autopilot Run Started: 2026-05-28 00:00:02 ---
[Predictive Engine] Ingesting search trend indicators...
[Autopilot Git] Push success! Live pages updated on Netlify.
--- Autopilot Run Complete. Total Assets Listed: 61 | Est. Monthly Value: $2,745.00 ---
[main be91059] Auto-update: Active Monetized SEO Nodes
 7 files changed, 504 insertions(+), 2 deletions(-)
 create mode 100644 "production_sites/boca-vs-universidad-cat\303\263lica.html"
 create mode 100644 production_sites/chet-holmgren-stats.html
 create mode 100644 production_sites/cruzeiro---barcelona-sc.html
 create mode 100644 production_sites/pirates.html
 create mode 100644 production_sites/tewaaraton-award-2026.html
To github.com:oketom82-art/sovereign-seo-nodes.git
   0cd393a..be91059  main -> main

--- Autopilot Run Started: 2026-05-29 00:00:02 ---
[Predictive Engine] Ingesting search trend indicators...
[Autopilot Git] Push success! Live pages updated on Netlify.
--- Autopilot Run Complete. Total Assets Listed: 66 | Est. Monthly Value: $2,970.00 ---
[main caa7652] Auto-update: Active Monetized SEO Nodes
 7 files changed, 506 insertions(+), 2 deletions(-)
 create mode 100644 production_sites/brewers-vs-astros.html
 create mode 100644 production_sites/costa-rica.html
 create mode 100644 production_sites/fifa-world-cup.html
 create mode 100644 production_sites/ian-happ.html
 create mode 100644 production_sites/pirates-score.html
To github.com:oketom82-art/sovereign-seo-nodes.git
   be91059..caa7652  main -> main

--- Autopilot Run Started: 2026-05-30 00:00:02 ---
[Predictive Engine] Ingesting search trend indicators...
[Autopilot Git] Push success! Live pages updated on Netlify.
--- Autopilot Run Complete. Total Assets Listed: 71 | Est. Monthly Value: $3,195.00 ---
[main ac9664e] Auto-update: Active Monetized SEO Nodes
 7 files changed, 506 insertions(+), 2 deletions(-)
 create mode 100644 production_sites/carnival-breach-6-million-affected.html
 create mode 100644 production_sites/four-seasons-cast.html
 create mode 100644 production_sites/holly-holm-fight.html
 create mode 100644 production_sites/mexico.html
 create mode 100644 production_sites/new-movies-on-netflix.html
To github.com:oketom82-art/sovereign-seo-nodes.git
   caa7652..ac9664e  main -> main

--- Autopilot Run Started: 2026-05-31 00:00:02 ---
[Predictive Engine] Ingesting search trend indicators...
[Autopilot Git] Push success! Live pages updated on Netlify.
--- Autopilot Run Complete. Total Assets Listed: 76 | Est. Monthly Value: $3,420.00 ---
[main cfeeb24] Auto-update: Active Monetized SEO Nodes
 6 files changed, 408 insertions(+), 2 deletions(-)
 create mode 100644 production_sites/mia-williams.html
 create mode 100644 production_sites/nijaree-canady.html
 create mode 100644 production_sites/saint-mary's-college.html
 create mode 100644 production_sites/ucla-softball.html
To github.com:oketom82-art/sovereign-seo-nodes.git
   ac9664e..cfeeb24  main -> main

--- Autopilot Run Started: 2026-06-01 00:00:01 ---
[Predictive Engine] Ingesting search trend indicators...
[Autopilot Git] Push success! Live pages updated on Netlify.
--- Autopilot Run Complete. Total Assets Listed: 80 | Est. Monthly Value: $3,705.00 ---
[main c85ba25] Auto-update: Active Monetized SEO Nodes
 7 files changed, 505 insertions(+), 2 deletions(-)
 create mode 100644 production_sites/alabama-softball.html
 create mode 100644 production_sites/jeopardy-today.html
 create mode 100644 production_sites/rick-adelman.html
 create mode 100644 production_sites/suze-orman.html
 create mode 100644 production_sites/wwdc-2026.html
To github.com:oketom82-art/sovereign-seo-nodes.git
   cfeeb24..c85ba25  main -> main

--- Autopilot Run Started: 2026-06-02 00:00:01 ---
[Predictive Engine] Ingesting search trend indicators...
[Autopilot Git] Push success! Live pages updated on Netlify.
--- Autopilot Run Complete. Total Assets Listed: 85 | Est. Monthly Value: $3,930.00 ---
[main c0463e2] Auto-update: Active Monetized SEO Nodes
 7 files changed, 506 insertions(+), 2 deletions(-)
 create mode 100644 production_sites/dtf-st-louis.html
 create mode 100644 production_sites/golden-knights-vs-hurricanes.html
 create mode 100644 "production_sites/hait\303\255---nueva-zelanda.html"
 create mode 100644 "production_sites/junior---atl\303\251tico-nacional.html"
 create mode 100644 "production_sites/medell\303\255n---c\303\272cuta.html"
To github.com:oketom82-art/sovereign-seo-nodes.git
   c85ba25..c0463e2  main -> main

--- Autopilot Run Started: 2026-06-03 00:00:01 ---
[Predictive Engine] Ingesting search trend indicators...
[Autopilot Git] Push success! Live pages updated on Netlify.
--- Autopilot Run Complete. Total Assets Listed: 90 | Est. Monthly Value: $4,260.00 ---
[main 01e50d4] Auto-update: Active Monetized SEO Nodes
 7 files changed, 506 insertions(+), 2 deletions(-)
 create mode 100644 production_sites/aaron-judge-injury.html
 create mode 100644 production_sites/cape-fear-2026.html
 create mode 100644 production_sites/dan-and-shay.html
 create mode 100644 production_sites/mayor-of-san-antonio.html
 create mode 100644 production_sites/san-antonio-mayor.html
To github.com:oketom82-art/sovereign-seo-nodes.git
   c0463e2..01e50d4  main -> main

--- Autopilot Run Started: 2026-06-04 00:00:02 ---
[Predictive Engine] Ingesting search trend indicators...
[Autopilot Git] Push success! Live pages updated on Netlify.
--- Autopilot Run Complete. Total Assets Listed: 95 | Est. Monthly Value: $4,485.00 ---
[main 169adad] Auto-update: Active Monetized SEO Nodes
 7 files changed, 506 insertions(+), 2 deletions(-)
 create mode 100644 production_sites/college-football-27.html
 create mode 100644 production_sites/ellen-pompeo-next-tv-role.html
 create mode 100644 "production_sites/fifa-world-cup-2026\342\204\242.html"
 create mode 100644 production_sites/soap-opera-digest.html
 create mode 100644 production_sites/softball-college-world-series.html
To github.com:oketom82-art/sovereign-seo-nodes.git
   01e50d4..169adad  main -> main

--- Autopilot Run Started: 2026-06-05 00:00:01 ---
[Predictive Engine] Ingesting search trend indicators...
[Autopilot Git] Push success! Live pages updated on Netlify.
--- Autopilot Run Complete. Total Assets Listed: 100 | Est. Monthly Value: $4,710.00 ---
[main 2a863c3] Auto-update: Active Monetized SEO Nodes
 6 files changed, 408 insertions(+), 2 deletions(-)
 create mode 100644 production_sites/athletics-vs-astros.html
 create mode 100644 production_sites/guardians-vs-rangers.html
 create mode 100644 production_sites/mlb-all-star-voting.html
 create mode 100644 production_sites/reds-vs-cardinals.html
To github.com:oketom82-art/sovereign-seo-nodes.git
   169adad..2a863c3  main -> main

--- Autopilot Run Started: 2026-06-06 00:00:02 ---
[Predictive Engine] Ingesting search trend indicators...
[Autopilot Git] Push success! Live pages updated on Netlify.
--- Autopilot Run Complete. Total Assets Listed: 104 | Est. Monthly Value: $4,890.00 ---
[main 75f28b3] Auto-update: Active Monetized SEO Nodes
 7 files changed, 505 insertions(+), 2 deletions(-)
 create mode 100644 production_sites/auburn-baseball-score.html
 create mode 100644 production_sites/hurricanes-vs-golden-knights.html
 create mode 100644 production_sites/office-romance-movie.html
 create mode 100644 production_sites/ufc-freedom-250.html
 create mode 100644 production_sites/yankees-game-today.html
To github.com:oketom82-art/sovereign-seo-nodes.git
   2a863c3..75f28b3  main -> main

--- Autopilot Run Started: 2026-06-07 00:00:01 ---
[Predictive Engine] Ingesting search trend indicators...
[Autopilot Git] Push success! Live pages updated on Netlify.
--- Autopilot Run Complete. Total Assets Listed: 109 | Est. Monthly Value: $5,115.00 ---
[main 5083e12] Auto-update: Active Monetized SEO Nodes
 6 files changed, 408 insertions(+), 2 deletions(-)
 create mode 100644 production_sites/cubs-vs-giants-prediction.html
 create mode 100644 production_sites/indy-car-race-today.html
 create mode 100644 production_sites/jennifer-kupcho.html
 create mode 100644 production_sites/knicks-spurs-game-3.html
To github.com:oketom82-art/sovereign-seo-nodes.git
   75f28b3..5083e12  main -> main

--- Autopilot Run Started: 2026-06-08 00:00:01 ---
[Predictive Engine] Ingesting search trend indicators...
[Autopilot Git] Push success! Live pages updated on Netlify.
--- Autopilot Run Complete. Total Assets Listed: 113 | Est. Monthly Value: $5,295.00 ---
[main 9c91527] Auto-update: Active Monetized SEO Nodes
 7 files changed, 505 insertions(+), 2 deletions(-)
 create mode 100644 production_sites/joshua-jackson.html
 create mode 100644 production_sites/patrick-ewing.html
 create mode 100644 "production_sites/peru-vs-espa\303\261a.html"
 create mode 100644 production_sites/telemundo-vota.html
 create mode 100644 production_sites/where-can-i-watch-the-knicks-game-tonight.html
To github.com:oketom82-art/sovereign-seo-nodes.git
   5083e12..9c91527  main -> main

--- Autopilot Run Started: 2026-06-09 00:00:01 ---
[Predictive Engine] Ingesting search trend indicators...
[Autopilot Git] Push success! Live pages updated on Netlify.
--- Autopilot Run Complete. Total Assets Listed: 118 | Est. Monthly Value: $5,520.00 ---
[main 26eb6cc] Auto-update: Active Monetized SEO Nodes
 7 files changed, 506 insertions(+), 2 deletions(-)
 create mode 100644 production_sites/davis-wendzel.html
 create mode 100644 production_sites/hockey-game-tonight.html
 create mode 100644 production_sites/house-republicans-immigration-package.html
 create mode 100644 production_sites/skylar-diggins.html
 create mode 100644 production_sites/wings-vs-lynx.html
To github.com:oketom82-art/sovereign-seo-nodes.git
   9c91527..26eb6cc  main -> main

--- Autopilot Run Started: 2026-06-10 00:00:01 ---
[Predictive Engine] Ingesting search trend indicators...
[Autopilot Git] Push success! Live pages updated on Netlify.
--- Autopilot Run Complete. Total Assets Listed: 123 | Est. Monthly Value: $5,745.00 ---
[main 40e4dcd] Auto-update: Active Monetized SEO Nodes
 6 files changed, 408 insertions(+), 2 deletions(-)
 create mode 100644 production_sites/anti-weaponization-fund-judge-ruling.html
 create mode 100644 production_sites/charles-barkley-cardi-b-comment.html
 create mode 100644 production_sites/usa-world-cup-schedule.html
 create mode 100644 production_sites/what-time-is-the-knicks-game-tonight.html
To github.com:oketom82-art/sovereign-seo-nodes.git
   26eb6cc..40e4dcd  main -> main

--- Autopilot Run Started: 2026-06-11 00:00:02 ---
[Predictive Engine] Ingesting search trend indicators...
[Autopilot Git] Push success! Live pages updated on Netlify.
--- Autopilot Run Complete. Total Assets Listed: 127 | Est. Monthly Value: $5,925.00 ---
[main 5225c08] Auto-update: Active Monetized SEO Nodes
 6 files changed, 407 insertions(+), 2 deletions(-)
 create mode 100644 production_sites/kamilla-cardoso.html
 create mode 100644 production_sites/millie-bobby-brown.html
 create mode 100644 production_sites/state-impact-social-security-projections.html
 create mode 100644 production_sites/tornado-kenosha.html
To github.com:oketom82-art/sovereign-seo-nodes.git
   40e4dcd..5225c08  main -> main

--- Autopilot Run Started: 2026-06-12 00:00:01 ---
[Predictive Engine] Ingesting search trend indicators...
[Autopilot Git] Push success! Live pages updated on Netlify.
--- Autopilot Run Complete. Total Assets Listed: 131 | Est. Monthly Value: $6,210.00 ---
[main e3c65ee] Auto-update: Active Monetized SEO Nodes
 7 files changed, 505 insertions(+), 2 deletions(-)
 create mode 100644 production_sites/airline-shutdown.html
 create mode 100644 production_sites/amber-alert-utah.html
 create mode 100644 production_sites/melinda-french-gates.html
 create mode 100644 production_sites/tyla.html
 create mode 100644 production_sites/who-is-performing-at-the-world-cup-2026.html
To github.com:oketom82-art/sovereign-seo-nodes.git
   5225c08..e3c65ee  main -> main

--- Autopilot Run Started: 2026-06-13 00:00:01 ---
[Predictive Engine] Ingesting search trend indicators...
[Autopilot Git] Push success! Live pages updated on Netlify.
--- Autopilot Run Complete. Total Assets Listed: 136 | Est. Monthly Value: $6,540.00 ---
[main 2faa9db] Auto-update: Active Monetized SEO Nodes
 7 files changed, 506 insertions(+), 2 deletions(-)
 create mode 100644 production_sites/bono.html
 create mode 100644 production_sites/how-many-subs-in-world-cup.html
 create mode 100644 production_sites/ms-rachel.html
 create mode 100644 production_sites/zidane.html
 create mode 100644 production_sites/zinedine-zidane.html
To github.com:oketom82-art/sovereign-seo-nodes.git
   e3c65ee..2faa9db  main -> main

--- Autopilot Run Started: 2026-06-14 00:00:01 ---
[Predictive Engine] Ingesting search trend indicators...
[Autopilot Git] Push success! Live pages updated on Netlify.
--- Autopilot Run Complete. Total Assets Listed: 141 | Est. Monthly Value: $6,765.00 ---
[main 4fc599e] Auto-update: Active Monetized SEO Nodes
 7 files changed, 506 insertions(+), 2 deletions(-)
 create mode 100644 production_sites/connelly-early.html
 create mode 100644 production_sites/donald-trump-nbc-poll.html
 create mode 100644 production_sites/franck-kessie.html
 create mode 100644 production_sites/pepe.html
 create mode 100644 production_sites/west-virginia-baseball.html
To github.com:oketom82-art/sovereign-seo-nodes.git
   2faa9db..4fc599e  main -> main

--- Autopilot Run Started: 2026-06-15 00:00:01 ---
[Predictive Engine] Ingesting search trend indicators...
[Autopilot Git] Push success! Live pages updated on Netlify.
--- Autopilot Run Complete. Total Assets Listed: 146 | Est. Monthly Value: $6,990.00 ---
[main 44bf0c9] Auto-update: Active Monetized SEO Nodes
 7 files changed, 506 insertions(+), 2 deletions(-)
 create mode 100644 production_sites/caitlin-clark-indiana-fever-elimination.html
 create mode 100644 production_sites/fire-near-me.html
 create mode 100644 production_sites/georgia-vs-oklahoma-baseball.html
 create mode 100644 production_sites/mens-college-world-series.html
 create mode 100644 production_sites/mortgage-news-daily.html
To github.com:oketom82-art/sovereign-seo-nodes.git
   4fc599e..44bf0c9  main -> main

--- Autopilot Run Started: 2026-06-16 00:00:01 ---
[Predictive Engine] Ingesting search trend indicators...
[Autopilot Git] Push success! Live pages updated on Netlify.
--- Autopilot Run Complete. Total Assets Listed: 151 | Est. Monthly Value: $7,425.00 ---
[main 16d2969] Auto-update: Active Monetized SEO Nodes
 7 files changed, 506 insertions(+), 2 deletions(-)
 create mode 100644 production_sites/colombia-vs-uzbekistan.html
 create mode 100644 production_sites/drake-baldwin.html
 create mode 100644 production_sites/georgia-elections-2026.html
 create mode 100644 production_sites/janeese-lewis-george.html
 create mode 100644 production_sites/spencer-jones.html
To github.com:oketom82-art/sovereign-seo-nodes.git
   44bf0c9..16d2969  main -> main

--- Autopilot Run Started: 2026-06-17 00:00:01 ---
[Predictive Engine] Ingesting search trend indicators...
[Autopilot Git] Push success! Live pages updated on Netlify.
--- Autopilot Run Complete. Total Assets Listed: 156 | Est. Monthly Value: $7,650.00 ---
[main b96887a] Auto-update: Active Monetized SEO Nodes
 6 files changed, 408 insertions(+), 2 deletions(-)
 create mode 100644 production_sites/are-the-knicks-going-to-the-white-house.html
 create mode 100644 production_sites/cody-bellinger.html
 create mode 100644 production_sites/outlast-the-jungle.html
 create mode 100644 production_sites/widows-bay-season-2.html
To github.com:oketom82-art/sovereign-seo-nodes.git
   16d2969..b96887a  main -> main

--- Autopilot Run Started: 2026-06-18 00:00:01 ---
[Predictive Engine] Ingesting search trend indicators...
[Autopilot Git] Push success! Live pages updated on Netlify.
--- Autopilot Run Complete. Total Assets Listed: 160 | Est. Monthly Value: $7,830.00 ---
[main 28d397e] Auto-update: Active Monetized SEO Nodes
 7 files changed, 505 insertions(+), 2 deletions(-)
 create mode 100644 production_sites/caitlin-clark-shoes.html
 create mode 100644 production_sites/gwen-stefani.html
 create mode 100644 production_sites/kyle-cooke-summer-house-departure.html
 create mode 100644 production_sites/scotland-vs-morocco.html
 create mode 100644 production_sites/shai-gilgeous-alexander.html
To github.com:oketom82-art/sovereign-seo-nodes.git
   b96887a..28d397e  main -> main

--- Autopilot Run Started: 2026-06-19 00:00:01 ---
[Predictive Engine] Ingesting search trend indicators...
[Autopilot Git] Push success! Live pages updated on Netlify.
--- Autopilot Run Complete. Total Assets Listed: 165 | Est. Monthly Value: $8,265.00 ---
[main da83380] Auto-update: Active Monetized SEO Nodes
 7 files changed, 506 insertions(+), 2 deletions(-)
 create mode 100644 "production_sites/brasil---hait\303\255.html"
 create mode 100644 "production_sites/br\303\251sil-\342\200\223-ha\303\257ti.html"
 create mode 100644 production_sites/guardians-vs-astros.html
 create mode 100644 production_sites/padres-vs-rangers.html
 create mode 100644 production_sites/regina-hall.html
To github.com:oketom82-art/sovereign-seo-nodes.git
   28d397e..da83380  main -> main

--- Autopilot Run Started: 2026-06-20 00:00:01 ---
[Predictive Engine] Ingesting search trend indicators...
[Autopilot Git] Push success! Live pages updated on Netlify.
--- Autopilot Run Complete. Total Assets Listed: 170 | Est. Monthly Value: $8,595.00 ---
[main bba2ca3] Auto-update: Active Monetized SEO Nodes
 7 files changed, 506 insertions(+), 2 deletions(-)
 create mode 100644 production_sites/astros-game-today.html
 create mode 100644 production_sites/ecuador-vs.html
 create mode 100644 production_sites/house-of-dragon-season-3-release-date.html
 create mode 100644 production_sites/lainey-wilson.html
 create mode 100644 production_sites/sky-vs-wings.html
To github.com:oketom82-art/sovereign-seo-nodes.git
   da83380..bba2ca3  main -> main

--- Autopilot Run Started: 2026-06-21 00:00:01 ---
[Predictive Engine] Ingesting search trend indicators...
[Autopilot Git] Push success! Live pages updated on Netlify.
--- Autopilot Run Complete. Total Assets Listed: 175 | Est. Monthly Value: $8,925.00 ---
[main 77e5668] Auto-update: Active Monetized SEO Nodes
 7 files changed, 506 insertions(+), 2 deletions(-)
 create mode 100644 production_sites/brandon-marsh.html
 create mode 100644 production_sites/dune-3.html
 create mode 100644 production_sites/liberty-vs-sparks.html
 create mode 100644 production_sites/mets-vs-phillies.html
 create mode 100644 production_sites/the-agency-season-2.html
To github.com:oketom82-art/sovereign-seo-nodes.git
   bba2ca3..77e5668  main -> main

--- Autopilot Run Started: 2026-06-22 00:00:02 ---
[Predictive Engine] Ingesting search trend indicators...
[Autopilot Git] Push success! Live pages updated on Netlify.
--- Autopilot Run Complete. Total Assets Listed: 180 | Est. Monthly Value: $9,150.00 ---
[main 69c0556] Auto-update: Active Monetized SEO Nodes
 6 files changed, 408 insertions(+), 2 deletions(-)
 create mode 100644 production_sites/disney-youtube-tv-class-action.html
 create mode 100644 production_sites/jimmy-awards-2026.html
 create mode 100644 production_sites/phillies-game-today.html
 create mode 100644 production_sites/power-plate-meals-usda-recall.html
To github.com:oketom82-art/sovereign-seo-nodes.git
   77e5668..69c0556  main -> main

--- Autopilot Run Started: 2026-06-23 00:00:02 ---
[Predictive Engine] Ingesting search trend indicators...
[Autopilot Git] Push success! Live pages updated on Netlify.
--- Autopilot Run Complete. Total Assets Listed: 184 | Est. Monthly Value: $9,330.00 ---
[main b94274b] Auto-update: Active Monetized SEO Nodes
 7 files changed, 505 insertions(+), 2 deletions(-)
 create mode 100644 production_sites/ice-warehouse-detention-lawsuits.html
 create mode 100644 production_sites/jaylen-brown-trade-rumors.html
 create mode 100644 "production_sites/panam\303\241---croacia.html"
 create mode 100644 production_sites/rangers-vs-marlins.html
 create mode 100644 production_sites/stuart-fails-to-save-the-universe.html
To github.com:oketom82-art/sovereign-seo-nodes.git
   69c0556..b94274b  main -> main

--- Autopilot Run Started: 2026-06-24 00:00:01 ---
[Predictive Engine] Ingesting search trend indicators...
[Autopilot Git] Push success! Live pages updated on Netlify.
--- Autopilot Run Complete. Total Assets Listed: 189 | Est. Monthly Value: $9,660.00 ---
[main f1cf74d] Auto-update: Active Monetized SEO Nodes
 7 files changed, 506 insertions(+), 2 deletions(-)
 create mode 100644 production_sites/ecuador-vs-germany.html
 create mode 100644 production_sites/lynx-vs-mystics.html
 create mode 100644 production_sites/mercury-vs-fever.html
 create mode 100644 production_sites/turkiye-vs-turkey.html
 create mode 100644 production_sites/usps-proposed-mail-ballot-rule.html
To github.com:oketom82-art/sovereign-seo-nodes.git
   b94274b..f1cf74d  main -> main

--- Autopilot Run Started: 2026-06-25 00:00:02 ---
[Predictive Engine] Ingesting search trend indicators...
[Autopilot Git] Push success! Live pages updated on Netlify.
--- Autopilot Run Complete. Total Assets Listed: 194 | Est. Monthly Value: $9,990.00 ---
[main 58d1541] Auto-update: Active Monetized SEO Nodes
 7 files changed, 506 insertions(+), 2 deletions(-)
 create mode 100644 production_sites/clarence-house-london.html
 create mode 100644 production_sites/cma-fest-2026.html
 create mode 100644 production_sites/gregg-phillips.html
 create mode 100644 production_sites/lucas-bergvall.html
 create mode 100644 production_sites/nhl-draft-2026.html
To github.com:oketom82-art/sovereign-seo-nodes.git
   f1cf74d..58d1541  main -> main

--- Autopilot Run Started: 2026-06-26 00:00:02 ---
[Predictive Engine] Ingesting search trend indicators...
[Autopilot Git] Push success! Live pages updated on Netlify.
--- Autopilot Run Complete. Total Assets Listed: 199 | Est. Monthly Value: $10,215.00 ---
[main 4c55789] Auto-update: Active Monetized SEO Nodes
 7 files changed, 506 insertions(+), 2 deletions(-)
 create mode 100644 production_sites/daxon-rudolph.html
 create mode 100644 production_sites/marlins-vs-cardinals.html
 create mode 100644 production_sites/mystics-vs-sun.html
 create mode 100644 production_sites/rockies-vs-twins.html
 create mode 100644 "production_sites/uruguay---espa\303\261a.html"
To github.com:oketom82-art/sovereign-seo-nodes.git
   58d1541..4c55789  main -> main

--- Autopilot Run Started: 2026-06-27 00:00:01 ---
[Predictive Engine] Ingesting search trend indicators...
[Autopilot Git] Push success! Live pages updated on Netlify.
--- Autopilot Run Complete. Total Assets Listed: 204 | Est. Monthly Value: $10,440.00 ---
[main d1e5326] Auto-update: Active Monetized SEO Nodes
 7 files changed, 506 insertions(+), 2 deletions(-)
 create mode 100644 "production_sites/colombie-\342\200\223-portugal.html"
 create mode 100644 production_sites/cristiano-ronaldo-wife.html
 create mode 100644 production_sites/marco-rubio.html
 create mode 100644 "production_sites/posiciones-de-selecci\303\263n-de-f\303\272tbol-de-croacia-contra-selecci\303\263n-de-f\303\272tbol-de-ghana.html"
 create mode 100644 production_sites/sparks-vs-fever.html
To github.com:oketom82-art/sovereign-seo-nodes.git
   4c55789..d1e5326  main -> main

--- Autopilot Run Started: 2026-06-28 00:00:01 ---
[Predictive Engine] Ingesting search trend indicators...
[Autopilot Git] Push success! Live pages updated on Netlify.
--- Autopilot Run Complete. Total Assets Listed: 209 | Est. Monthly Value: $10,665.00 ---
[main 8ff6bbe] Auto-update: Active Monetized SEO Nodes
 7 files changed, 506 insertions(+), 2 deletions(-)
 create mode 100644 production_sites/gabby-williams.html
 create mode 100644 production_sites/is-doordash-down.html
 create mode 100644 production_sites/nxt-great-american-bash-2026.html
 create mode 100644 production_sites/u.s.-department-of-homeland-security.html
 create mode 100644 production_sites/yankees-vs-red-sox.html
To github.com:oketom82-art/sovereign-seo-nodes.git
   d1e5326..8ff6bbe  main -> main

--- Autopilot Run Started: 2026-06-29 00:00:01 ---
[Predictive Engine] Ingesting search trend indicators...
[Autopilot Git] Push success! Live pages updated on Netlify.
--- Autopilot Run Complete. Total Assets Listed: 214 | Est. Monthly Value: $10,995.00 ---
[main c0908a6] Auto-update: Active Monetized SEO Nodes
 7 files changed, 506 insertions(+), 2 deletions(-)
 create mode 100644 production_sites/padres-vs-cubs.html
 create mode 100644 production_sites/pima-county-sheriff's-department.html
 create mode 100644 production_sites/twins-vs-astros.html
 create mode 100644 production_sites/world-cup-bracket-2026.html
 create mode 100644 production_sites/world-cup-winners.html
To github.com:oketom82-art/sovereign-seo-nodes.git
   8ff6bbe..c0908a6  main -> main

--- Autopilot Run Started: 2026-06-30 00:00:02 ---
[Predictive Engine] Ingesting search trend indicators...
[Autopilot Git] Push success! Live pages updated on Netlify.
--- Autopilot Run Complete. Total Assets Listed: 219 | Est. Monthly Value: $11,220.00 ---
[main 23bfabf] Auto-update: Active Monetized SEO Nodes
 6 files changed, 408 insertions(+), 2 deletions(-)
 create mode 100644 "production_sites/a-qu\303\251-hora-juega-m\303\251xico.html"
 create mode 100644 production_sites/mets---blue-jays.html
 create mode 100644 production_sites/rays-vs-royals.html
 create mode 100644 production_sites/united-states-midterm-election.html
To github.com:oketom82-art/sovereign-seo-nodes.git
   c0908a6..23bfabf  main -> main

--- Autopilot Run Started: 2026-07-01 00:00:02 ---
[Predictive Engine] Ingesting search trend indicators...
[Autopilot Git] Push success! Live pages updated on Netlify.
--- Autopilot Run Complete. Total Assets Listed: 223 | Est. Monthly Value: $11,400.00 ---
[main 8aa8d31] Auto-update: Active Monetized SEO Nodes
 7 files changed, 505 insertions(+), 2 deletions(-)
 create mode 100644 production_sites/estados-unidos---bosnia-y-herzegovina.html
 create mode 100644 production_sites/landon-donovan.html
 create mode 100644 production_sites/portugal-vs-croatia.html
 create mode 100644 production_sites/reese-witherspoon.html
 create mode 100644 production_sites/santi-aldama.html
To github.com:oketom82-art/sovereign-seo-nodes.git
   23bfabf..8aa8d31  main -> main

--- Autopilot Run Started: 2026-07-02 00:00:02 ---
[Predictive Engine] Ingesting search trend indicators...
[Autopilot Git] Push success! Live pages updated on Netlify.
--- Autopilot Run Complete. Total Assets Listed: 228 | Est. Monthly Value: $11,625.00 ---
[main ce837d9] Auto-update: Active Monetized SEO Nodes
 6 files changed, 408 insertions(+), 2 deletions(-)
 create mode 100644 production_sites/bruno-fernandes.html
 create mode 100644 production_sites/dream-vs-mystics.html
 create mode 100644 production_sites/tigers-vs-rangers.html
 create mode 100644 production_sites/wings-vs-sun.html
To github.com:oketom82-art/sovereign-seo-nodes.git
   8aa8d31..ce837d9  main -> main

--- Autopilot Run Started: 2026-07-03 00:00:01 ---
[Predictive Engine] Ingesting search trend indicators...
[Autopilot Git] Push success! Live pages updated on Netlify.
--- Autopilot Run Complete. Total Assets Listed: 232 | Est. Monthly Value: $11,805.00 ---
[main cb84f29] Auto-update: Active Monetized SEO Nodes
 7 files changed, 505 insertions(+), 2 deletions(-)
 create mode 100644 production_sites/dominican-republic-vs-usa.html
 create mode 100644 production_sites/france-vs-paraguay.html
 create mode 100644 production_sites/giants-vs-rockies.html
 create mode 100644 production_sites/julian-alvarez.html
 create mode 100644 production_sites/rays-vs-astros.html
To github.com:oketom82-art/sovereign-seo-nodes.git
   ce837d9..cb84f29  main -> main

--- Autopilot Run Started: 2026-07-04 00:00:01 ---
[Predictive Engine] Ingesting search trend indicators...
[Autopilot Git] Push success! Live pages updated on Netlify.
--- Autopilot Run Complete. Total Assets Listed: 237 | Est. Monthly Value: $12,030.00 ---
[main 668e3e2] Auto-update: Active Monetized SEO Nodes
 7 files changed, 506 insertions(+), 2 deletions(-)
 create mode 100644 production_sites/fifa-games-today.html
 create mode 100644 production_sites/junior-caminero.html
 create mode 100644 production_sites/mlb-all-star-game-2026-roster.html
 create mode 100644 production_sites/new-air-force-one.html
 create mode 100644 production_sites/ppl-power-outage.html
To github.com:oketom82-art/sovereign-seo-nodes.git
   cb84f29..668e3e2  main -> main

--- Autopilot Run Started: 2026-07-05 00:00:01 ---
[Predictive Engine] Ingesting search trend indicators...
[Autopilot Git] Push success! Live pages updated on Netlify.
--- Autopilot Run Complete. Total Assets Listed: 242 | Est. Monthly Value: $12,360.00 ---
[main a21bf63] Auto-update: Active Monetized SEO Nodes
 7 files changed, 506 insertions(+), 2 deletions(-)
 create mode 100644 production_sites/lionel-richie-concerts-postponed.html
 create mode 100644 production_sites/marlins.html
 create mode 100644 "production_sites/m\303\251xico---inglaterra.html"
 create mode 100644 production_sites/ohio-horror-house.html
 create mode 100644 production_sites/what-time-does-house-of-the-dragon-air.html
To github.com:oketom82-art/sovereign-seo-nodes.git
   668e3e2..a21bf63  main -> main

--- Autopilot Run Started: 2026-07-06 00:00:02 ---
[Predictive Engine] Ingesting search trend indicators...
[Autopilot Git] Push success! Live pages updated on Netlify.
--- Autopilot Run Complete. Total Assets Listed: 247 | Est. Monthly Value: $12,690.00 ---
[main f484b69] Auto-update: Active Monetized SEO Nodes
 7 files changed, 506 insertions(+), 2 deletions(-)
 create mode 100644 "production_sites/estados-unidos---b\303\251lgica.html"
 create mode 100644 production_sites/kevin-de-bruyne.html
 create mode 100644 production_sites/lukaku.html
 create mode 100644 production_sites/sun-vs-lynx.html
 create mode 100644 production_sites/twitch.html
To github.com:oketom82-art/sovereign-seo-nodes.git
   a21bf63..f484b69  main -> main

--- Autopilot Run Started: 2026-07-07 00:00:01 ---
[Predictive Engine] Ingesting search trend indicators...
[Autopilot Git] Push success! Live pages updated on Netlify.
--- Autopilot Run Complete. Total Assets Listed: 252 | Est. Monthly Value: $12,915.00 ---
[main 5029a4a] Auto-update: Active Monetized SEO Nodes
 7 files changed, 506 insertions(+), 2 deletions(-)
 create mode 100644 "production_sites/club-de-f\303\272tbol-cruz-azul.html"
 create mode 100644 production_sites/cuartos-de-final-mundial-2026.html
 create mode 100644 production_sites/mexico-vs-rsa.html
 create mode 100644 production_sites/wings-vs-liberty.html
 create mode 100644 production_sites/world-cup-games-tomorrow.html
To github.com:oketom82-art/sovereign-seo-nodes.git
   f484b69..5029a4a  main -> main

--- Autopilot Run Started: 2026-07-08 00:00:01 ---
[Predictive Engine] Ingesting search trend indicators...
[Autopilot Git] Push success! Live pages updated on Netlify.
--- Autopilot Run Complete. Total Assets Listed: 257 | Est. Monthly Value: $13,140.00 ---
[main b5f0384] Auto-update: Active Monetized SEO Nodes
 5 files changed, 310 insertions(+), 2 deletions(-)
 create mode 100644 production_sites/angel.html
 create mode 100644 production_sites/kris-jenner.html
 create mode 100644 production_sites/royals---mets.html
To github.com:oketom82-art/sovereign-seo-nodes.git
   5029a4a..b5f0384  main -> main

--- Autopilot Run Started: 2026-07-09 00:00:01 ---
[Predictive Engine] Ingesting search trend indicators...
[Autopilot Git] Push success! Live pages updated on Netlify.
--- Autopilot Run Complete. Total Assets Listed: 260 | Est. Monthly Value: $13,275.00 ---
[main 65b1eca] Auto-update: Active Monetized SEO Nodes
 7 files changed, 504 insertions(+), 2 deletions(-)
 create mode 100644 production_sites/bobby-flay.html
 create mode 100644 production_sites/brady-singer.html
 create mode 100644 production_sites/jake-rogers.html
 create mode 100644 production_sites/spacex-stock-ipo.html
 create mode 100644 production_sites/storm-vs-dream.html
To github.com:oketom82-art/sovereign-seo-nodes.git
   b5f0384..65b1eca  main -> main

--- Autopilot Run Started: 2026-07-10 00:00:01 ---
[Predictive Engine] Ingesting search trend indicators...
[Autopilot Git] Push success! Live pages updated on Netlify.
--- Autopilot Run Complete. Total Assets Listed: 265 | Est. Monthly Value: $13,500.00 ---
[main 16f82f5] Auto-update: Active Monetized SEO Nodes
 7 files changed, 506 insertions(+), 2 deletions(-)
 create mode 100644 production_sites/braves-vs-cardinals.html
 create mode 100644 production_sites/bulls-summer-league.html
 create mode 100644 production_sites/fernando-mendoza.html
 create mode 100644 production_sites/five-star-weekend-cast.html
 create mode 100644 production_sites/is-big-brother-on-tonight.html
To github.com:oketom82-art/sovereign-seo-nodes.git
   65b1eca..16f82f5  main -> main

--- Autopilot Run Started: 2026-07-11 00:00:01 ---
[Predictive Engine] Ingesting search trend indicators...
[Autopilot Git] Push success! Live pages updated on Netlify.
--- Autopilot Run Complete. Total Assets Listed: 270 | Est. Monthly Value: $13,725.00 ---
[main fa79d98] Auto-update: Active Monetized SEO Nodes
 6 files changed, 408 insertions(+), 2 deletions(-)
 create mode 100644 production_sites/its-coming-home.html
 create mode 100644 production_sites/when-is-the-final-world-cup-game.html
 create mode 100644 production_sites/who-does-england-play-next.html
 create mode 100644 production_sites/who-is-left-in-the-world-cup.html
To github.com:oketom82-art/sovereign-seo-nodes.git
   16f82f5..fa79d98  main -> main

--- Autopilot Run Started: 2026-07-12 00:00:02 ---
[Predictive Engine] Ingesting search trend indicators...
[Autopilot Git] Push success! Live pages updated on Netlify.
--- Autopilot Run Complete. Total Assets Listed: 274 | Est. Monthly Value: $13,905.00 ---
[main fec90a3] Auto-update: Active Monetized SEO Nodes
 6 files changed, 407 insertions(+), 2 deletions(-)
 create mode 100644 production_sites/5-star-weekend-cast.html
 create mode 100644 production_sites/best-movies-to-stream-right-now.html
 create mode 100644 production_sites/cape-fear-show.html
 create mode 100644 production_sites/christopher-nolan.html
To github.com:oketom82-art/sovereign-seo-nodes.git
   fa79d98..fec90a3  main -> main

--- Autopilot Run Started: 2026-07-13 00:00:01 ---
[Predictive Engine] Ingesting search trend indicators...
[Autopilot Git] Push success! Live pages updated on Netlify.
--- Autopilot Run Complete. Total Assets Listed: 278 | Est. Monthly Value: $14,085.00 ---
[main f243472] Auto-update: Active Monetized SEO Nodes
 7 files changed, 505 insertions(+), 2 deletions(-)
 create mode 100644 production_sites/big-brother-schedule.html
 create mode 100644 production_sites/in-the-city-reunion-bravo.html
 create mode 100644 production_sites/joe-amabile.html
 create mode 100644 production_sites/josh-shapiro.html
 create mode 100644 production_sites/william,-prince-of-wales.html
To github.com:oketom82-art/sovereign-seo-nodes.git
   fec90a3..f243472  main -> main

--- Autopilot Run Started: 2026-07-14 00:00:01 ---
[Predictive Engine] Ingesting search trend indicators...
[Autopilot Git] Push success! Live pages updated on Netlify.
--- Autopilot Run Complete. Total Assets Listed: 283 | Est. Monthly Value: $14,415.00 ---
[main 50905c1] Auto-update: Active Monetized SEO Nodes
 6 files changed, 408 insertions(+), 2 deletions(-)
 create mode 100644 production_sites/aaron-judge.html
 create mode 100644 production_sites/jennifer-hudson.html
 create mode 100644 production_sites/marina-mabrey.html
 create mode 100644 production_sites/once-upon-a-time-in-hollywood.html
To github.com:oketom82-art/sovereign-seo-nodes.git
   f243472..50905c1  main -> main

--- Autopilot Run Started: 2026-07-15 00:00:01 ---
[Predictive Engine] Ingesting search trend indicators...
[Autopilot Git] Push success! Live pages updated on Netlify.
--- Autopilot Run Complete. Total Assets Listed: 287 | Est. Monthly Value: $14,595.00 ---
[main d434245] Auto-update: Active Monetized SEO Nodes
 7 files changed, 505 insertions(+), 2 deletions(-)
 create mode 100644 production_sites/bipartisan-social-security-legislation.html
 create mode 100644 production_sites/caitlin-clark-stats.html
 create mode 100644 production_sites/roger-rogoff-trump-administration-dismissal.html
 create mode 100644 production_sites/take-care-of-america's-veterans-act.html
 create mode 100644 production_sites/washington-spirit-vs-gotham.html
To github.com:oketom82-art/sovereign-seo-nodes.git
   50905c1..d434245  main -> main

--- Autopilot Run Started: 2026-07-16 00:00:01 ---
[Predictive Engine] Ingesting search trend indicators...
[Autopilot Git] Push success! Live pages updated on Netlify.
--- Autopilot Run Complete. Total Assets Listed: 292 | Est. Monthly Value: $15,030.00 ---
[main 556c7e6] Auto-update: Active Monetized SEO Nodes
 7 files changed, 506 insertions(+), 2 deletions(-)
 create mode 100644 production_sites/olive-garden-pasta-passes.html
 create mode 100644 production_sites/ride-or-die-2026.html
 create mode 100644 production_sites/sarah-ashlee-barker.html
 create mode 100644 production_sites/swatch-omega-gold-moonswatch.html
 create mode 100644 production_sites/the-white-house-south-lawn.html
To github.com:oketom82-art/sovereign-seo-nodes.git
   d434245..556c7e6  main -> main

--- Autopilot Run Started: 2026-07-17 00:00:01 ---
[Predictive Engine] Ingesting search trend indicators...
[Autopilot Git] Push success! Live pages updated on Netlify.
--- Autopilot Run Complete. Total Assets Listed: 297 | Est. Monthly Value: $15,255.00 ---
[main 70225de] Auto-update: Active Monetized SEO Nodes
 7 files changed, 506 insertions(+), 2 deletions(-)
 create mode 100644 production_sites/gbi-search-warrant-yurezz.html
 create mode 100644 production_sites/is-mitch-mcconnell-alive.html
 create mode 100644 "production_sites/jay-z-beyonc\303\251-blue-ivy-concert.html"
 create mode 100644 production_sites/orioles-vs-astros.html
 create mode 100644 production_sites/san-diego-wave-vs-kc-current.html
To github.com:oketom82-art/sovereign-seo-nodes.git
   556c7e6..70225de  main -> main

--- Autopilot Run Started: 2026-07-18 00:00:02 ---
[Predictive Engine] Ingesting search trend indicators...
[Autopilot Git] Push success! Live pages updated on Netlify.
--- Autopilot Run Complete. Total Assets Listed: 302 | Est. Monthly Value: $15,480.00 ---
[main 4732ba5] Auto-update: Active Monetized SEO Nodes
 6 files changed, 408 insertions(+), 2 deletions(-)
 create mode 100644 production_sites/andrew-tate.html
 create mode 100644 production_sites/fire-vs-lynx.html
 create mode 100644 production_sites/prince-harry-meghan-charles-reunion.html
 create mode 100644 production_sites/rebecca-lowe.html
To github.com:oketom82-art/sovereign-seo-nodes.git
   70225de..4732ba5  main -> main

--- Autopilot Run Started: 2026-07-19 00:00:02 ---
[Predictive Engine] Ingesting search trend indicators...
[Autopilot Git] Push success! Live pages updated on Netlify.
--- Autopilot Run Complete. Total Assets Listed: 306 | Est. Monthly Value: $15,660.00 ---
[main 915f097] Auto-update: Active Monetized SEO Nodes
 7 files changed, 505 insertions(+), 2 deletions(-)
 create mode 100644 production_sites/arizona-diamondbacks.html
 create mode 100644 production_sites/carson-hocevar.html
 create mode 100644 production_sites/dodgers-game-today.html
 create mode 100644 production_sites/what-time-is-big-brother-on-tonight.html
 create mode 100644 production_sites/will-klein.html
To github.com:oketom82-art/sovereign-seo-nodes.git
   4732ba5..915f097  main -> main

--- Autopilot Run Started: 2026-07-20 00:00:02 ---
[Predictive Engine] Ingesting search trend indicators...
[Autopilot Git] Push success! Live pages updated on Netlify.
--- Autopilot Run Complete. Total Assets Listed: 311 | Est. Monthly Value: $15,885.00 ---
[main a39d3de] Auto-update: Active Monetized SEO Nodes
 7 files changed, 506 insertions(+), 2 deletions(-)
 create mode 100644 production_sites/liberty-vs-wings.html
 create mode 100644 production_sites/marlins-vs-astros.html
 create mode 100644 production_sites/red-sox-game.html
 create mode 100644 production_sites/tigers-vs-cubs.html
 create mode 100644 production_sites/white-sox-vs-rangers.html
To github.com:oketom82-art/sovereign-seo-nodes.git
   915f097..a39d3de  main -> main

--- Autopilot Run Started: 2026-07-21 00:00:02 ---
[Predictive Engine] Ingesting search trend indicators...
[Autopilot Git] Push success! Live pages updated on Netlify.
--- Autopilot Run Complete. Total Assets Listed: 316 | Est. Monthly Value: $16,110.00 ---
[main 05fd245] Auto-update: Active Monetized SEO Nodes
 7 files changed, 506 insertions(+), 2 deletions(-)
 create mode 100644 production_sites/mandalorian-and-grogu.html
 create mode 100644 production_sites/mets---brewers.html
 create mode 100644 "production_sites/u.-cat\303\263lica---barcelona-sc.html"
 create mode 100644 production_sites/universidad-central-vs-santos.html
 create mode 100644 production_sites/wilt-chamberlain.html
To github.com:oketom82-art/sovereign-seo-nodes.git
   a39d3de..05fd245  main -> main

--- Autopilot Run Started: 2026-07-22 00:00:01 ---
[Predictive Engine] Ingesting search trend indicators...
[Autopilot Git] Push success! Live pages updated on Netlify.
--- Autopilot Run Complete. Total Assets Listed: 321 | Est. Monthly Value: $16,440.00 ---
[main bd35533] Auto-update: Active Monetized SEO Nodes
 7 files changed, 506 insertions(+), 2 deletions(-)
 create mode 100644 production_sites/bryan-de-la-cruz.html
 create mode 100644 production_sites/jason-ellsworth-montana-contracts-verdict.html
 create mode 100644 production_sites/max-fried.html
 create mode 100644 production_sites/mls-schedule.html
 create mode 100644 production_sites/sun-vs-fever.html
To github.com:oketom82-art/sovereign-seo-nodes.git
   05fd245..bd35533  main -> main

--- Autopilot Run Started: 2026-07-23 00:00:02 ---
[Predictive Engine] Ingesting search trend indicators...
[Autopilot Git] Push success! Live pages updated on Netlify.
--- Autopilot Run Complete. Total Assets Listed: 326 | Est. Monthly Value: $16,665.00 ---
[main f781ace] Auto-update: Active Monetized SEO Nodes
 6 files changed, 408 insertions(+), 2 deletions(-)
 create mode 100644 production_sites/concacaf-nations-league.html
 create mode 100644 production_sites/hairstyle.html
 create mode 100644 production_sites/howard-unenrolled-students.html
 create mode 100644 production_sites/mobile-suit-gundam-rg.html
To github.com:oketom82-art/sovereign-seo-nodes.git
   bd35533..f781ace  main -> main

--- Autopilot Run Started: 2026-07-24 00:00:01 ---
[Predictive Engine] Ingesting search trend indicators...
[Autopilot Git] Push success! Live pages updated on Netlify.
--- Autopilot Run Complete. Total Assets Listed: 330 | Est. Monthly Value: $16,950.00 ---
[main af267ee] Auto-update: Active Monetized SEO Nodes
 6 files changed, 407 insertions(+), 2 deletions(-)
 create mode 100644 production_sites/athletics-vs-twins.html
 create mode 100644 production_sites/chicago-stars-vs-orlando-pride.html
 create mode 100644 production_sites/mariners-vs-rangers.html
 create mode 100644 production_sites/white-house-correspondents-association-dinner.html
To github.com:oketom82-art/sovereign-seo-nodes.git
   f781ace..af267ee  main -> main

--- Autopilot Run Started: 2026-07-25 00:00:01 ---
[Predictive Engine] Ingesting search trend indicators...
[Autopilot Git] Push success! Live pages updated on Netlify.
--- Autopilot Run Complete. Total Assets Listed: 334 | Est. Monthly Value: $17,130.00 ---
[main ec4bacf] Auto-update: Active Monetized SEO Nodes
 7 files changed, 505 insertions(+), 2 deletions(-)
 create mode 100644 production_sites/atlanta-united-vs-new-england.html
 create mode 100644 production_sites/cruz-azul.html
 create mode 100644 production_sites/dodgers---mets.html
 create mode 100644 production_sites/mls-standings.html
 create mode 100644 production_sites/stefon-diggs.html
To github.com:oketom82-art/sovereign-seo-nodes.git
   af267ee..ec4bacf  main -> main

--- Autopilot Run Started: 2026-07-26 00:00:01 ---
[Predictive Engine] Ingesting search trend indicators...
[Autopilot Git] Push success! Live pages updated on Netlify.
--- Autopilot Run Complete. Total Assets Listed: 339 | Est. Monthly Value: $17,355.00 ---
[main 30c408e] Auto-update: Active Monetized SEO Nodes
 5 files changed, 310 insertions(+), 2 deletions(-)
 create mode 100644 production_sites/apple-tv.html
 create mode 100644 "production_sites/inundaci\303\263n.html"
 create mode 100644 production_sites/john-kruk.html
To github.com:oketom82-art/sovereign-seo-nodes.git
   ec4bacf..30c408e  main -> main

--- Autopilot Run Started: 2026-07-27 00:00:01 ---
[Predictive Engine] Ingesting search trend indicators...
[Autopilot Git] Push success! Live pages updated on Netlify.
--- Autopilot Run Complete. Total Assets Listed: 342 | Est. Monthly Value: $17,490.00 ---
[main 81c65a0] Auto-update: Active Monetized SEO Nodes
 7 files changed, 504 insertions(+), 2 deletions(-)
 create mode 100644 production_sites/davey-hearn-olympic-canoeist-case.html
 create mode 100644 production_sites/ice-new-york-enforcement-operations.html
 create mode 100644 production_sites/marvel-cinematic-universe.html
 create mode 100644 production_sites/punch-the-monkey.html
 create mode 100644 production_sites/st-louis-weather.html
To github.com:oketom82-art/sovereign-seo-nodes.git
   30c408e..81c65a0  main -> main

--- Autopilot Run Started: 2026-07-28 00:00:01 ---
[Predictive Engine] Ingesting search trend indicators...
[Autopilot Git] Push success! Live pages updated on Netlify.
--- Autopilot Run Complete. Total Assets Listed: 347 | Est. Monthly Value: $17,715.00 ---
[main 438882c] Auto-update: Active Monetized SEO Nodes
 7 files changed, 506 insertions(+), 2 deletions(-)
 create mode 100644 production_sites/christopher-anne-boldt.html
 create mode 100644 production_sites/furious.html
 create mode 100644 production_sites/iran-attack.html
 create mode 100644 production_sites/jay-clayton.html
 create mode 100644 production_sites/tempo-vs-lynx.html
To github.com:oketom82-art/sovereign-seo-nodes.git
   81c65a0..438882c  main -> main

--- Autopilot Run Started: 2026-07-29 00:00:01 ---
[Predictive Engine] Ingesting search trend indicators...
[Autopilot Git] Push success! Live pages updated on Netlify.
--- Autopilot Run Complete. Total Assets Listed: 352 | Est. Monthly Value: $17,940.00 ---
[main e9d2b57] Auto-update: Active Monetized SEO Nodes
 7 files changed, 506 insertions(+), 2 deletions(-)
 create mode 100644 production_sites/billy-ray-smith.html
 create mode 100644 production_sites/capital-district-floods.html
 create mode 100644 production_sites/michael-j-fox.html
 create mode 100644 production_sites/racing-louisville-vs-kc-current.html
 create mode 100644 production_sites/taysom-hill.html
To github.com:oketom82-art/sovereign-seo-nodes.git
   438882c..e9d2b57  main -> main

--- Autopilot Run Started: 2026-07-30 00:00:01 ---
[Predictive Engine] Ingesting search trend indicators...
[Autopilot Git] Push success! Live pages updated on Netlify.
--- Autopilot Run Complete. Total Assets Listed: 357 | Est. Monthly Value: $18,270.00 ---
[main a740ae0] Auto-update: Active Monetized SEO Nodes
 7 files changed, 506 insertions(+), 2 deletions(-)
 create mode 100644 production_sites/braves-game-today.html
 create mode 100644 production_sites/james-wood.html
 create mode 100644 production_sites/jeff-ulbrich.html
 create mode 100644 production_sites/new-shelby-super-snake-sport.html
 create mode 100644 production_sites/song.html
To github.com:oketom82-art/sovereign-seo-nodes.git
   e9d2b57..a740ae0  main -> main

--- Autopilot Run Started: 2026-07-31 00:00:01 ---
[Predictive Engine] Ingesting search trend indicators...
[Autopilot Git] Push success! Live pages updated on Netlify.
--- Autopilot Run Complete. Total Assets Listed: 362 | Est. Monthly Value: $18,495.00 ---
[main 3f7c340] Auto-update: Active Monetized SEO Nodes
 7 files changed, 506 insertions(+), 2 deletions(-)
 create mode 100644 production_sites/donald-trump-daylight-savings-time.html
 create mode 100644 production_sites/orlando-pride-vs-north-carolina-courage.html
 create mode 100644 production_sites/pan-am-flight-103.html
 create mode 100644 production_sites/pete-alonso.html
 create mode 100644 production_sites/rangers-vs-astros.html
To github.com:oketom82-art/sovereign-seo-nodes.git
   a740ae0..3f7c340  main -> main

--- Autopilot Run Started: 2026-08-01 00:00:02 ---
[Predictive Engine] Ingesting search trend indicators...
[Autopilot Git] Push success! Live pages updated on Netlify.
--- Autopilot Run Complete. Total Assets Listed: 367 | Est. Monthly Value: $18,720.00 ---
[main 61c2fd5] Auto-update: Active Monetized SEO Nodes
 7 files changed, 506 insertions(+), 2 deletions(-)
 create mode 100644 production_sites/cody-rhodes.html
 create mode 100644 production_sites/elly-de-la-cruz.html
 create mode 100644 production_sites/emelec---aucas.html
 create mode 100644 production_sites/gotham-vs-houston-dash.html
 create mode 100644 production_sites/whio.html
To github.com:oketom82-art/sovereign-seo-nodes.git
   3f7c340..61c2fd5  main -> main

--- Autopilot Run Started: 2026-08-02 00:00:01 ---
[Predictive Engine] Ingesting search trend indicators...
[Autopilot Git] Push success! Live pages updated on Netlify.
--- Autopilot Run Complete. Total Assets Listed: 372 | Est. Monthly Value: $18,945.00 ---
[main 5e43e4f] Auto-update: Active Monetized SEO Nodes
 7 files changed, 506 insertions(+), 2 deletions(-)
 create mode 100644 production_sites/chad-gable.html
 create mode 100644 production_sites/cienciano---universitario.html
 create mode 100644 production_sites/taken.html
 create mode 100644 production_sites/ted-lasso.html
 create mode 100644 production_sites/the-bombing-of-pan-am-103.html
To github.com:oketom82-art/sovereign-seo-nodes.git
   61c2fd5..5e43e4f  main -> main

--- Autopilot Run Started: 2026-08-03 00:00:01 ---
[Predictive Engine] Ingesting search trend indicators...
[Autopilot Git] Push success! Live pages updated on Netlify.
--- Autopilot Run Complete. Total Assets Listed: 377 | Est. Monthly Value: $19,170.00 ---
[main 1174583] Auto-update: Active Monetized SEO Nodes
 7 files changed, 506 insertions(+), 2 deletions(-)
 create mode 100644 production_sites/blue-jays-vs-astros.html
 create mode 100644 production_sites/dodgers---cubs.html
 create mode 100644 production_sites/dodgers-vs-cubs.html
 create mode 100644 production_sites/ios-27-beta-5.html
 create mode 100644 "production_sites/luis-garc\303\255a-jr..html"
To github.com:oketom82-art/sovereign-seo-nodes.git
   5e43e4f..1174583  main -> main

--- Autopilot Run Started: 2026-08-04 00:00:01 ---
[Predictive Engine] Ingesting search trend indicators...
[Autopilot Git] Push success! Live pages updated on Netlify.
--- Autopilot Run Complete. Total Assets Listed: 382 | Est. Monthly Value: $19,395.00 ---
[main bb84c51] Auto-update: Active Monetized SEO Nodes
 6 files changed, 408 insertions(+), 2 deletions(-)
 create mode 100644 production_sites/costco-bakery-buttermilk-biscuits.html
 create mode 100644 production_sites/dow-jones-stock-markets.html
 create mode 100644 production_sites/remo-vs-santos.html
 create mode 100644 production_sites/trump-iran-news.html
To github.com:oketom82-art/sovereign-seo-nodes.git
   1174583..bb84c51  main -> main

--- Autopilot Run Started: 2026-08-05 00:00:01 ---
[Predictive Engine] Ingesting search trend indicators...
[Autopilot Git] Push success! Live pages updated on Netlify.
--- Autopilot Run Complete. Total Assets Listed: 386 | Est. Monthly Value: $19,575.00 ---
[main a08dc4f] Auto-update: Active Monetized SEO Nodes
 7 files changed, 505 insertions(+), 2 deletions(-)
 create mode 100644 production_sites/arman-tsarukyan.html
 create mode 100644 "production_sites/dallas-vs-quer\303\251taro.html"
 create mode 100644 production_sites/gta-6-delay.html
 create mode 100644 production_sites/leagues-cup-schedule.html
 create mode 100644 production_sites/senate-avoids-federal-government-shutdown.html
To github.com:oketom82-art/sovereign-seo-nodes.git
   bb84c51..a08dc4f  main -> main

--- Autopilot Run Started: 2026-08-06 00:00:01 ---
[Predictive Engine] Ingesting search trend indicators...
[Autopilot Git] Push success! Live pages updated on Netlify.
--- Autopilot Run Complete. Total Assets Listed: 391 | Est. Monthly Value: $19,800.00 ---
[main 0b3e9cf] Auto-update: Active Monetized SEO Nodes
 7 files changed, 506 insertions(+), 2 deletions(-)
 create mode 100644 production_sites/drew-brees.html
 create mode 100644 production_sites/mike-lafleur.html
 create mode 100644 production_sites/the-white-house.html
 create mode 100644 production_sites/youtube-tv.html
 create mode 100644 production_sites/zhang-shuai.html
To github.com:oketom82-art/sovereign-seo-nodes.git
   a08dc4f..0b3e9cf  main -> main

--- Autopilot Run Started: 2026-08-07 00:00:02 ---
[Predictive Engine] Ingesting search trend indicators...
[Autopilot Git] Push success! Live pages updated on Netlify.
--- Autopilot Run Complete. Total Assets Listed: 396 | Est. Monthly Value: $20,130.00 ---
[main 04ba4c3] Auto-update: Active Monetized SEO Nodes
 7 files changed, 506 insertions(+), 2 deletions(-)
 create mode 100644 production_sites/cincinnati-vs-pumas-unam.html
 create mode 100644 production_sites/joao-fonseca.html
 create mode 100644 production_sites/orioles-vs-rangers.html
 create mode 100644 production_sites/rockies-vs-cardinals.html
 create mode 100644 production_sites/san-diego-wave-vs-gotham.html
To github.com:oketom82-art/sovereign-seo-nodes.git
   0b3e9cf..04ba4c3  main -> main

--- Autopilot Run Started: 2026-08-08 00:00:01 ---
[Predictive Engine] Ingesting search trend indicators...
[Autopilot Git] Push success! Live pages updated on Netlify.
--- Autopilot Run Complete. Total Assets Listed: 401 | Est. Monthly Value: $20,355.00 ---
[main 3e70fb6] Auto-update: Active Monetized SEO Nodes
 7 files changed, 506 insertions(+), 2 deletions(-)
 create mode 100644 "production_sites/barcelona-sc---macar\303\241.html"
 create mode 100644 production_sites/best-movies-streaming-now.html
 create mode 100644 production_sites/botafogo-vs-fluminense.html
 create mode 100644 production_sites/freddy-fazbear-pizza-american-dream-mall.html
 create mode 100644 production_sites/storm-vs-fire.html
To github.com:oketom82-art/sovereign-seo-nodes.git
   04ba4c3..3e70fb6  main -> main

--- Autopilot Run Started: 2026-08-09 00:00:01 ---
[Predictive Engine] Ingesting search trend indicators...
[Autopilot Git] Push success! Live pages updated on Netlify.
--- Autopilot Run Complete. Total Assets Listed: 406 | Est. Monthly Value: $20,580.00 ---
[main 41c36ba] Auto-update: Active Monetized SEO Nodes
 7 files changed, 506 insertions(+), 2 deletions(-)
 create mode 100644 production_sites/astros-vs-padres.html
 create mode 100644 production_sites/chicago-fire---santos.html
 create mode 100644 production_sites/chicago-vs-santos-laguna.html
 create mode 100644 production_sites/nashville-sc---san-luis.html
 create mode 100644 production_sites/philadelphia-vs-necaxa.html
To github.com:oketom82-art/sovereign-seo-nodes.git
   3e70fb6..41c36ba  main -> main

--- Autopilot Run Started: 2026-08-10 00:00:01 ---
[Predictive Engine] Ingesting search trend indicators...
[Autopilot Git] Push success! Live pages updated on Netlify.
--- Autopilot Run Complete. Total Assets Listed: 411 | Est. Monthly Value: $20,805.00 ---
[main 4514337] Auto-update: Active Monetized SEO Nodes
 7 files changed, 506 insertions(+), 2 deletions(-)
 create mode 100644 production_sites/arthur-fils.html
 create mode 100644 production_sites/brett-baty.html
 create mode 100644 production_sites/diana-shnaider.html
 create mode 100644 production_sites/judge-garaufis-doj-adani-ruling.html
 create mode 100644 production_sites/mark-ruffalo.html
To github.com:oketom82-art/sovereign-seo-nodes.git
   41c36ba..4514337  main -> main

--- Autopilot Run Started: 2026-08-11 00:00:01 ---
[Predictive Engine] Ingesting search trend indicators...
[Autopilot Git] Push success! Live pages updated on Netlify.
--- Autopilot Run Complete. Total Assets Listed: 416 | Est. Monthly Value: $21,135.00 ---
[main 5efa476] Auto-update: Active Monetized SEO Nodes
 7 files changed, 506 insertions(+), 2 deletions(-)
 create mode 100644 production_sites/dylan-cease.html
 create mode 100644 production_sites/field-of-dreams-game.html
 create mode 100644 production_sites/minnesota-primary-2026.html
 create mode 100644 production_sites/oprah-stedman-graham-public-appearance.html
 create mode 100644 production_sites/trump-administration-mail-voting-lawsuit.html
To github.com:oketom82-art/sovereign-seo-nodes.git
   4514337..5efa476  main -> main

--- Autopilot Run Started: 2026-08-12 00:00:02 ---
[Predictive Engine] Ingesting search trend indicators...
[Autopilot Git] Push success! Live pages updated on Netlify.
--- Autopilot Run Complete. Total Assets Listed: 421 | Est. Monthly Value: $21,465.00 ---
[main 1504767] Auto-update: Active Monetized SEO Nodes
 7 files changed, 506 insertions(+), 2 deletions(-)
 create mode 100644 production_sites/aus-vs-ban.html
 create mode 100644 production_sites/dijonai-carrington-foul-sophie-cunningham.html
 create mode 100644 production_sites/gucci.html
 create mode 100644 production_sites/monterrey---nashville-sc.html
 create mode 100644 production_sites/will-warren.html
To github.com:oketom82-art/sovereign-seo-nodes.git
   5efa476..1504767  main -> main

--- Autopilot Run Started: 2026-08-13 00:00:01 ---
[Predictive Engine] Ingesting search trend indicators...
[Autopilot Git] Push success! Live pages updated on Netlify.
--- Autopilot Run Complete. Total Assets Listed: 426 | Est. Monthly Value: $21,795.00 ---
[main 85c2d35] Auto-update: Active Monetized SEO Nodes
 7 files changed, 506 insertions(+), 2 deletions(-)
 create mode 100644 "production_sites/am\303\251rica---austin-fc.html"
 create mode 100644 "production_sites/am\303\251rica-vs-austin.html"
 create mode 100644 production_sites/colbie-young.html
 create mode 100644 production_sites/kyle-schwarber.html
 create mode 100644 production_sites/the-angiola-ii-yacht-sinking.html
To github.com:oketom82-art/sovereign-seo-nodes.git
   1504767..85c2d35  main -> main

--- Autopilot Run Started: 2026-08-14 00:00:01 ---
[Predictive Engine] Ingesting search trend indicators...
[Autopilot Git] Push success! Live pages updated on Netlify.
--- Autopilot Run Complete. Total Assets Listed: 431 | Est. Monthly Value: $22,020.00 ---
[main 8ea35c6] Auto-update: Active Monetized SEO Nodes
 7 files changed, 506 insertions(+), 2 deletions(-)
 create mode 100644 production_sites/arie-luyendyk-jr..html
 create mode 100644 production_sites/cbs-sports.html
 create mode 100644 production_sites/jonah-coleman.html
 create mode 100644 production_sites/llws.html
 create mode 100644 production_sites/sinja-kraus.html
To github.com:oketom82-art/sovereign-seo-nodes.git
   85c2d35..8ea35c6  main -> main

--- Autopilot Run Started: 2026-08-15 00:00:01 ---
[Predictive Engine] Ingesting search trend indicators...
[Autopilot Git] Push success! Live pages updated on Netlify.
--- Autopilot Run Complete. Total Assets Listed: 436 | Est. Monthly Value: $22,245.00 ---
[main 2947eb4] Auto-update: Active Monetized SEO Nodes
 7 files changed, 506 insertions(+), 2 deletions(-)
 create mode 100644 production_sites/halloween-shaped-chocolates.html
 create mode 100644 production_sites/inter-miami-vs-nashville.html
 create mode 100644 production_sites/la-galaxy-vs-houston-dynamo.html
 create mode 100644 production_sites/little-league-sign-stealing.html
 create mode 100644 "production_sites/s\303\243o-paulo-vs-coritiba.html"
To github.com:oketom82-art/sovereign-seo-nodes.git
   8ea35c6..2947eb4  main -> main

--- Autopilot Run Started: 2026-08-16 00:00:01 ---
[Predictive Engine] Ingesting search trend indicators...
[Autopilot Git] Push success! Live pages updated on Netlify.
--- Autopilot Run Complete. Total Assets Listed: 441 | Est. Monthly Value: $22,470.00 ---
[main 8e6fdf2] Auto-update: Active Monetized SEO Nodes
 7 files changed, 506 insertions(+), 2 deletions(-)
 create mode 100644 production_sites/club-america.html
 create mode 100644 production_sites/disney-princess-concert.html
 create mode 100644 production_sites/kick.html
 create mode 100644 production_sites/sunday-night-football.html
 create mode 100644 production_sites/travis-barker-documentary.html
To github.com:oketom82-art/sovereign-seo-nodes.git
   2947eb4..8e6fdf2  main -> main

--- Autopilot Run Started: 2026-08-17 00:00:01 ---
[Predictive Engine] Ingesting search trend indicators...
[Autopilot Git] Push success! Live pages updated on Netlify.
--- Autopilot Run Complete. Total Assets Listed: 446 | Est. Monthly Value: $22,695.00 ---
[main 4104849] Auto-update: Active Monetized SEO Nodes
 6 files changed, 408 insertions(+), 2 deletions(-)
 create mode 100644 production_sites/2027-dodge-charger-red-oxide.html
 create mode 100644 production_sites/dodgers-vs-rockies.html
 create mode 100644 production_sites/real-lioness-operatives.html
 create mode 100644 production_sites/usher-son-cinco-howard-university.html
git@github.com: Permission denied (publickey).
fatal: Could not read from remote repository.

Please make sure you have the correct access rights
and the repository exists.

--- Autopilot Run Started: 2026-08-18 00:00:01 ---
[Predictive Engine] Ingesting search trend indicators...
[Autopilot Notice] Git sync skipped: Command '['git', 'push', 'origin', 'main']' returned non-zero exit status 128.
--- Autopilot Run Complete. Total Assets Listed: 450 | Est. Monthly Value: $22,875.00 ---
[main ec8a3fc] Auto-update: Active Monetized SEO Nodes
 7 files changed, 508 insertions(+), 2 deletions(-)
 create mode 100644 production_sites/brittney-sykes.html
 create mode 100644 production_sites/felix-auger-aliassime.html
 create mode 100644 production_sites/fever-wnba.html
 create mode 100644 production_sites/tolima---independiente-del-valle.html
 create mode 100644 production_sites/white-sox---cubs.html
To github.com:oketom82-art/sovereign-seo-nodes.git
   8e6fdf2..ec8a3fc  main -> main

--- Autopilot Run Started: 2026-08-19 00:00:02 ---
[Predictive Engine] Ingesting search trend indicators...
[Autopilot Git] Push success! Live pages updated on Netlify.
--- Autopilot Run Complete. Total Assets Listed: 455 | Est. Monthly Value: $23,100.00 ---
[main 3a225ba] Auto-update: Active Monetized SEO Nodes
 7 files changed, 506 insertions(+), 2 deletions(-)
 create mode 100644 production_sites/angels---astros.html
 create mode 100644 production_sites/atlanta-united-vs-minnesota.html
 create mode 100644 production_sites/bayonne-little-league.html
 create mode 100644 production_sites/flamengo-vs-cruzeiro.html
 create mode 100644 production_sites/flamengo-x-cruzeiro.html
To github.com:oketom82-art/sovereign-seo-nodes.git
   ec8a3fc..3a225ba  main -> main

--- Autopilot Run Started: 2026-08-20 00:00:01 ---
[Predictive Engine] Ingesting search trend indicators...
[Autopilot Git] Push success! Live pages updated on Netlify.
--- Autopilot Run Complete. Total Assets Listed: 460 | Est. Monthly Value: $23,325.00 ---
[main 6178dec] Auto-update: Active Monetized SEO Nodes
 7 files changed, 506 insertions(+), 2 deletions(-)
 create mode 100644 production_sites/botafogo-vs-cienciano.html
 create mode 100644 production_sites/jaafar-jackson.html
 create mode 100644 production_sites/kelsey-mitchell-stats.html
 create mode 100644 production_sites/sean-mcvay-aaron-donald-update.html
 create mode 100644 production_sites/troy-aikman.html
To github.com:oketom82-art/sovereign-seo-nodes.git
   3a225ba..6178dec  main -> main

--- Autopilot Run Started: 2026-08-21 00:00:01 ---
[Predictive Engine] Ingesting search trend indicators...
[Autopilot Git] Push success! Live pages updated on Netlify.
--- Autopilot Run Complete. Total Assets Listed: 465 | Est. Monthly Value: $23,655.00 ---
[main 5bc9a8f] Auto-update: Active Monetized SEO Nodes
 7 files changed, 506 insertions(+), 2 deletions(-)
 create mode 100644 production_sites/adonai-mitchell.html
 create mode 100644 production_sites/cade-klubnik.html
 create mode 100644 production_sites/clear-eyes-eye-drops-recall.html
 create mode 100644 production_sites/david-bailey.html
 create mode 100644 production_sites/steelers-depth-chart.html
To github.com:oketom82-art/sovereign-seo-nodes.git
   6178dec..5bc9a8f  main -> main

--- Autopilot Run Started: 2026-08-22 00:00:02 ---
[Predictive Engine] Ingesting search trend indicators...
[Autopilot Git] Push success! Live pages updated on Netlify.
--- Autopilot Run Complete. Total Assets Listed: 470 | Est. Monthly Value: $24,090.00 ---
[main 1088026] Auto-update: Active Monetized SEO Nodes
 6 files changed, 408 insertions(+), 2 deletions(-)
 create mode 100644 production_sites/anthony-wint.html
 create mode 100644 production_sites/bears-score.html
 create mode 100644 production_sites/brandon-nakashima.html
 create mode 100644 production_sites/eagles-schedule-2026.html
To github.com:oketom82-art/sovereign-seo-nodes.git
   5bc9a8f..1088026  main -> main

--- Autopilot Run Started: 2026-08-23 00:00:02 ---
[Predictive Engine] Ingesting search trend indicators...
[Autopilot Git] Push success! Live pages updated on Netlify.
--- Autopilot Run Complete. Total Assets Listed: 474 | Est. Monthly Value: $24,270.00 ---
[main c7dda3c] Auto-update: Active Monetized SEO Nodes
 7 files changed, 505 insertions(+), 2 deletions(-)
 create mode 100644 production_sites/atlanta-braves.html
 create mode 100644 production_sites/carson-kelly.html
 create mode 100644 production_sites/gotham-vs-angel-city-fc.html
 create mode 100644 production_sites/motor1.com.html
 create mode 100644 production_sites/neymar.html
To github.com:oketom82-art/sovereign-seo-nodes.git
   1088026..c7dda3c  main -> main

--- Autopilot Run Started: 2026-08-24 00:00:01 ---
[Predictive Engine] Ingesting search trend indicators...
[Autopilot Git] Push success! Live pages updated on Netlify.
--- Autopilot Run Complete. Total Assets Listed: 479 | Est. Monthly Value: $24,495.00 ---
[main 0505699] Auto-update: Active Monetized SEO Nodes
 7 files changed, 506 insertions(+), 2 deletions(-)
 create mode 100644 production_sites/blood-sacrifice-netflix.html
 create mode 100644 production_sites/botafogo---paranaense.html
 create mode 100644 production_sites/lola-vice.html
 create mode 100644 production_sites/new-york-knicks.html
 create mode 100644 production_sites/valkyries-vs-lynx.html
To github.com:oketom82-art/sovereign-seo-nodes.git
   c7dda3c..0505699  main -> main

--- Autopilot Run Started: 2026-08-25 00:00:02 ---
[Predictive Engine] Ingesting search trend indicators...
[Autopilot Git] Push success! Live pages updated on Netlify.
--- Autopilot Run Complete. Total Assets Listed: 484 | Est. Monthly Value: $24,720.00 ---
[main 5c2b579] Auto-update: Active Monetized SEO Nodes
 7 files changed, 506 insertions(+), 2 deletions(-)
 create mode 100644 production_sites/buc-ee's-expansion-conservative-states.html
 create mode 100644 production_sites/darlene-graham.html
 create mode 100644 production_sites/monterrey-vs-chicago.html
 create mode 100644 production_sites/project-runway.html
 create mode 100644 production_sites/tom-selleck-new-television-role.html
To github.com:oketom82-art/sovereign-seo-nodes.git
   0505699..5c2b579  main -> main

--- Autopilot Run Started: 2026-08-26 00:00:01 ---
[Predictive Engine] Ingesting search trend indicators...
[Autopilot Git] Push success! Live pages updated on Netlify.
--- Autopilot Run Complete. Total Assets Listed: 489 | Est. Monthly Value: $24,945.00 ---
[main 8ee2d25] Auto-update: Active Monetized SEO Nodes
 7 files changed, 506 insertions(+), 2 deletions(-)
 create mode 100644 production_sites/angel-city-fc-vs-north-carolina-courage.html
 create mode 100644 production_sites/ben-rice.html
 create mode 100644 production_sites/derek-chauvin.html
 create mode 100644 production_sites/donald-trump-canada-trade-talks.html
 create mode 100644 production_sites/river-plate---santa-fe.html
To github.com:oketom82-art/sovereign-seo-nodes.git
   5c2b579..8ee2d25  main -> main

--- Autopilot Run Started: 2026-08-27 00:00:01 ---
[Predictive Engine] Ingesting search trend indicators...
[Autopilot Git] Push success! Live pages updated on Netlify.
--- Autopilot Run Complete. Total Assets Listed: 494 | Est. Monthly Value: $25,170.00 ---
[main bc5b7a0] Auto-update: Active Monetized SEO Nodes
 7 files changed, 506 insertions(+), 2 deletions(-)
 create mode 100644 production_sites/buffalo-bills.html
 create mode 100644 production_sites/cyclospora.html
 create mode 100644 production_sites/damar-hamlin.html
 create mode 100644 production_sites/katy-perry.html
 create mode 100644 production_sites/power-outage.html
To github.com:oketom82-art/sovereign-seo-nodes.git
   8ee2d25..bc5b7a0  main -> main

--- Autopilot Run Started: 2026-08-28 00:00:01 ---
[Predictive Engine] Ingesting search trend indicators...
[Autopilot Git] Push success! Live pages updated on Netlify.
--- Autopilot Run Complete. Total Assets Listed: 499 | Est. Monthly Value: $25,395.00 ---
[main 6136492] Auto-update: Active Monetized SEO Nodes
 7 files changed, 506 insertions(+), 2 deletions(-)
 create mode 100644 production_sites/auburn-football-schedule.html
 create mode 100644 production_sites/pirates-vs-cardinals.html
 create mode 100644 production_sites/silo-season-3-how-many-episodes.html
 create mode 100644 production_sites/winter-weather-warning.html
 create mode 100644 production_sites/yankee-game-today.html
To github.com:oketom82-art/sovereign-seo-nodes.git
   bc5b7a0..6136492  main -> main

--- Autopilot Run Started: 2026-08-29 00:00:02 ---
[Predictive Engine] Ingesting search trend indicators...
[Autopilot Git] Push success! Live pages updated on Netlify.
--- Autopilot Run Complete. Total Assets Listed: 504 | Est. Monthly Value: $25,620.00 ---
[main 3c4e097] Auto-update: Active Monetized SEO Nodes
 7 files changed, 506 insertions(+), 2 deletions(-)
 create mode 100644 production_sites/cincinnati-vs-nashville.html
 create mode 100644 production_sites/george-lombard-jr.html
 create mode 100644 production_sites/jackson-state-vs-tn-state.html
 create mode 100644 production_sites/vasco-da-gama-x-cruzeiro.html
 create mode 100644 production_sites/vasco-vs-cruzeiro.html
To github.com:oketom82-art/sovereign-seo-nodes.git
   6136492..3c4e097  main -> main

--- Autopilot Run Started: 2026-08-30 00:00:02 ---
[Predictive Engine] Ingesting search trend indicators...
[Autopilot Git] Push success! Live pages updated on Netlify.
--- Autopilot Run Complete. Total Assets Listed: 509 | Est. Monthly Value: $25,845.00 ---
[main 5ee27ec] Auto-update: Active Monetized SEO Nodes
 7 files changed, 506 insertions(+), 2 deletions(-)
 create mode 100644 production_sites/breece-hall-injury.html
 create mode 100644 production_sites/mike-evans.html
 create mode 100644 production_sites/robert-downey-jr.html
 create mode 100644 production_sites/sun-vs-wings.html
 create mode 100644 "production_sites/toluca---ju\303\241rez.html"
To github.com:oketom82-art/sovereign-seo-nodes.git
   3c4e097..5ee27ec  main -> main

--- Autopilot Run Started: 2026-08-31 00:00:01 ---
[Predictive Engine] Ingesting search trend indicators...
[Autopilot Git] Push success! Live pages updated on Netlify.
--- Autopilot Run Complete. Total Assets Listed: 514 | Est. Monthly Value: $26,070.00 ---
[main 9d22852] Auto-update: Active Monetized SEO Nodes
 6 files changed, 408 insertions(+), 2 deletions(-)
 create mode 100644 production_sites/aircraft.html
 create mode 100644 production_sites/fantasy-pros-rankings.html
 create mode 100644 production_sites/monday-night-football.html
 create mode 100644 production_sites/orioles-vs-rockies.html
To github.com:oketom82-art/sovereign-seo-nodes.git
   5ee27ec..9d22852  main -> main

--- Autopilot Run Started: 2026-09-01 00:00:01 ---
[Predictive Engine] Ingesting search trend indicators...
[Autopilot Git] Push success! Live pages updated on Netlify.
--- Autopilot Run Complete. Total Assets Listed: 518 | Est. Monthly Value: $26,355.00 ---
[main 4dd5de4] Auto-update: Active Monetized SEO Nodes
 7 files changed, 505 insertions(+), 2 deletions(-)
 create mode 100644 "production_sites/atl\303\251tico-mineiro-vs-cruzeiro.html"
 create mode 100644 production_sites/brewers---cubs.html
 create mode 100644 production_sites/fiba-women's-basketball-world-cup.html
 create mode 100644 production_sites/ryan-seacrest.html
 create mode 100644 production_sites/vallejo-tennis.html
To github.com:oketom82-art/sovereign-seo-nodes.git
   9d22852..4dd5de4  main -> main

--- Autopilot Run Started: 2026-09-02 00:00:01 ---
[Predictive Engine] Ingesting search trend indicators...
[Autopilot Git] Push success! Live pages updated on Netlify.
--- Autopilot Run Complete. Total Assets Listed: 523 | Est. Monthly Value: $26,580.00 ---
[main a5cdf69] Auto-update: Active Monetized SEO Nodes
 6 files changed, 408 insertions(+), 2 deletions(-)
 create mode 100644 production_sites/jaime-faria.html
 create mode 100644 production_sites/santos-vs-palmeiras.html
 create mode 100644 production_sites/wheel-of-fortune.html
 create mode 100644 production_sites/yahoo-fantasy-football.html
To github.com:oketom82-art/sovereign-seo-nodes.git
   4dd5de4..a5cdf69  main -> main

--- Autopilot Run Started: 2026-09-03 00:00:01 ---
[Predictive Engine] Ingesting search trend indicators...
[Autopilot Git] Push success! Live pages updated on Netlify.
--- Autopilot Run Complete. Total Assets Listed: 527 | Est. Monthly Value: $26,865.00 ---
